sh->env is: 0x55c31beee8a0
out of child_process
piping(): dup2 failure
sh->env is: 0x55c31beee8a0
epipe is: 0
$ backup_minishell.c
in parse_line
to be done
CHILD: about to enter child process
header->simple_in_redir is: -2
sh->env is: 0x55c31beee8a0
out of child_process
piping(): dup2 failure
backup_minishell.c
epipe is: 0
$ backup_minishell.o
in parse_line
to be done
CHILD: about to enter child process
header->simple_in_redir is: -2
sh->env is: 0x55c31beee8a0
out of child_process
piping(): dup2 failure
backup_minishell.o
epipe is: 0
$ built_ins
in parse_line
to be done
CHILD: about to enter child process
header->simple_in_redir is: -2
sh->env is: 0x55c31beee8a0
out of child_process
piping(): dup2 failure
built_ins
epipe is: 0
$ env
in parse_line
CHILD: about to enter child process
header->simple_in_redir is: -2
sh->env is: 0x55c31beee8a0
out of child_process
piping(): dup2 failure
env
epipe is: 0
$ errors_frees
in parse_line
to be done
CHILD: about to enter child process
header->simple_in_redir is: -2
sh->env is: 0x55c31beee8a0
out of child_process
piping(): dup2 failure
errors_frees
epipe is: 0
$ execution
in parse_line
to be done
CHILD: about to enter child process
header->simple_in_redir is: -2
sh->env is: 0x55c31beee8a0
out of child_process
piping(): dup2 failure
execution
epipe is: 0
$ infile
in parse_line
to be done
CHILD: about to enter child process
header->simple_in_redir is: -2
sh->env is: 0x55c31beee8a0
out of child_process
piping(): dup2 failure
infile
epipe is: 0
$ Makefile
in parse_line
to be done
CHILD: about to enter child process
header->simple_in_redir is: -2
sh->env is: 0x55c31beee8a0
out of child_process
piping(): dup2 failure
Makefile
epipe is: 0
$ minishell
in parse_line
to be done
CHILD: about to enter child process
header->simple_in_redir is: -2
sh->env is: 0x55c31beee8a0
out of child_process
piping(): dup2 failure
minishell
epipe is: 0
$ minishell.c
in parse_line
to be done
CHILD: about to enter child process
header->simple_in_redir is: -2
sh->env is: 0x55c31beee8a0
out of child_process
piping(): dup2 failure
minishell.c
epipe is: 0
$ minishell.h
in parse_line
to be done
CHILD: about to enter child process
header->simple_in_redir is: -2
sh->env is: 0x55c31beee8a0
out of child_process
piping(): dup2 failure
minishell.h
epipe is: 0
$ minishell_libft
in parse_line
to be done
CHILD: about to enter child process
header->simple_in_redir is: -2
sh->env is: 0x55c31beee8a0
out of child_process
piping(): dup2 failure
minishell_libft
epipe is: 0
$ minishell.o
in parse_line
to be done
CHILD: about to enter child process
header->simple_in_redir is: -2
sh->env is: 0x55c31beee8a0
out of child_process
piping(): dup2 failure
minishell.o
epipe is: 0
$ out
in parse_line
to be done
CHILD: about to enter child process
header->simple_in_redir is: -2
sh->env is: 0x55c31beee8a0
out of child_process
piping(): dup2 failure
out
epipe is: 0
$ parsing
in parse_line
to be done
CHILD: about to enter child process
header->simple_in_redir is: -2
sh->env is: 0x55c31beee8a0
out of child_process
piping(): dup2 failure
parsing
epipe is: 0
$ readline.supp
in parse_line
to be done
CHILD: about to enter child process
header->simple_in_redir is: -2
sh->env is: 0x55c31beee8a0
out of child_process
piping(): dup2 failure
readline.supp
epipe is: 0
$ shell_init
in parse_line
to be done
CHILD: about to enter child process
header->simple_in_redir is: -2
sh->env is: 0x55c31beee8a0
out of child_process
piping(): dup2 failure
shell_init
epipe is: 0
$ shell_loop
in parse_line
to be done
CHILD: about to enter child process
header->simple_in_redir is: -2
sh->env is: 0x55c31beee8a0
out of child_process
piping(): dup2 failure
shell_loop
epipe is: 0
$ utils
in parse_line
to be done
CHILD: about to enter child process
header->simple_in_redir is: -2
sh->env is: 0x55c31beee8a0
out of child_process
piping(): dup2 failure
utils
epipe is: 0
$ zzTests
in parse_line
to be done
CHILD: about to enter child process
header->simple_in_redir is: -2
sh->env is: 0x55c31beee8a0
out of child_process
piping(): dup2 failure
zzTests
epipe is: 0
$ in parse_line
to be done
CHILD: about to enter child process
header->simple_in_redir is: -2
sh->env is: 0x55c31beee8a0
out of child_process
piping(): dup2 failure
zzTests
epipe is: 0
$ in parse_line
to be done
CHILD: about to enter child process
header->simple_in_redir is: -2
sh->env is: 0x55c31beee8a0
out of child_process
piping(): dup2 failure
zzTests
epipe is: 0
$ in parse_line
to be done
CHILD: about to enter child process
header->simple_in_redir is: -2
sh->env is: 0x55c31beee8a0
out of child_process
piping(): dup2 failure
zzTests
epipe is: 0
$ in parse_line
to be done
CHILD: about to enter child process
header->simple_in_redir is: -2
sh->env is: 0x55c31beee8a0
out of child_process
piping(): dup2 failure
zzTests
epipe is: 0
$ in parse_line
to be done
CHILD: about to enter child process
header->simple_in_redir is: -2
sh->env is: 0x55c31beee8a0
out of child_process
piping(): dup2 failure
zzTests
epipe is: 0
$ in parse_line
to be done
CHILD: about to enter child process
header->simple_in_redir is: -2
sh->env is: 0x55c31beee8a0
out of child_process
piping(): dup2 failure
zzTests
epipe is: 0
$ in parse_line
to be done
CHILD: about to enter child process
header->simple_in_redir is: -2
sh->env is: 0x55c31beee8a0
out of child_process
piping(): dup2 failure
zzTests
epipe is: 0
$ in parse_line
to be done
CHILD: about to enter child process
header->simple_in_redir is: -2
sh->env is: 0x55c31beee8a0
out of child_process
piping(): dup2 failure
zzTests
epipe is: 0
$ in parse_line
to be done
CHILD: about to enter child process
header->simple_in_redir is: -2
sh->env is: 0x55c31beee8a0
out of child_process
piping(): dup2 failure
zzTests
epipe is: 0
$ in parse_line
to be done
CHILD: about to enter child process
header->simple_in_redir is: -2
sh->env is: 0x55c31beee8a0
out of child_process
piping(): dup2 failure
zzTests
epipe is: 0
$ in parse_line
to be done
CHILD: about to enter child process
header->simple_in_redir is: -2
sh->env is: 0x55c31beee8a0
out of child_process
piping(): dup2 failure
zzTests
epipe is: 0
$ in parse_line
to be done
CHILD: about to enter child process
header->simple_in_redir is: -2
sh->env is: 0x55c31beee8a0
out of child_process
piping(): dup2 failure
zzTests
epipe is: 0
$ in parse_line
to be done
CHILD: about to enter child process
header->simple_in_redir is: -2
sh->env is: 0x55c31beee8a0
out of child_process
piping(): dup2 failure
zzTests
epipe is: 0
$ in parse_line
to be done
CHILD: about to enter child process
header->simple_in_redir is: -2
sh->env is: 0x55c31beee8a0
out of child_process
piping(): dup2 failure
zzTests
epipe is: 0
$ in parse_line
to be done
CHILD: about to enter child process
header->simple_in_redir is: -2
sh->env is: 0x55c31beee8a0
out of child_process
piping(): dup2 failure
zzTests
epipe is: 0
$ in parse_line
to be done
CHILD: about to enter child process
header->simple_in_redir is: -2
sh->env is: 0x55c31beee8a0
out of child_process
piping(): dup2 failure
zzTests
epipe is: 0
$ in parse_line
to be done
CHILD: about to enter child process
header->simple_in_redir is: -2
sh->env is: 0x55c31beee8a0
out of child_process
piping(): dup2 failure
zzTests
epipe is: 0
$ in parse_line
to be done
CHILD: about to enter child process
header->simple_in_redir is: -2
sh->env is: 0x55c31beee8a0
out of child_process
piping(): dup2 failure
zzTests
epipe is: 0
$ in parse_line
to be done
CHILD: about to enter child process
header->simple_in_redir is: -2
sh->env is: 0x55c31beee8a0
out of child_process
piping(): dup2 failure
zzTests
epipe is: 0
$ in parse_line
to be done
CHILD: about to enter child process
header->simple_in_redir is: -2
sh->env is: 0x55c31beee8a0
out of child_process
piping(): dup2 failure
zzTests
epipe is: 0
$ in parse_line
to be done
CHILD: about to enter child process
header->simple_in_redir is: -2
sh->env is: 0x55c31beee8a0
out of child_process
piping(): dup2 failure
zzTests
epipe is: 0
$ in parse_line
to be done
CHILD: about to enter child process
header->simple_in_redir is: -2
sh->env is: 0x55c31beee8a0
out of child_process
piping(): dup2 failure
zzTests
epipe is: 0
$ in parse_line
to be done
CHILD: about to enter child process
header->simple_in_redir is: -2
sh->env is: 0x55c31beee8a0
out of child_process
piping(): dup2 failure
zzTests
epipe is: 0
$ in parse_line
to be done
CHILD: about to enter child process
header->simple_in_redir is: -2
sh->env is: 0x55c31beee8a0
out of child_process
piping(): dup2 failure
zzTests
epipe is: 0
$ in parse_line
to be done
CHILD: about to enter child process
header->simple_in_redir is: -2
sh->env is: 0x55c31beee8a0
out of child_process
piping(): dup2 failure
zzTests
epipe is: 0
$ in parse_line
to be done
CHILD: about to enter child process
header->simple_in_redir is: -2
sh->env is: 0x55c31beee8a0
out of child_process
piping(): dup2 failure
zzTests
epipe is: 0
$ in parse_line
to be done
CHILD: about to enter child process
header->simple_in_redir is: -2
sh->env is: 0x55c31beee8a0
out of child_process
piping(): dup2 failure
zzTests
epipe is: 0
$ in parse_line
to be done
CHILD: about to enter child process
header->simple_in_redir is: -2
sh->env is: 0x55c31beee8a0
out of child_process
piping(): dup2 failure
zzTests
epipe is: 0
$ in parse_line
to be done
CHILD: about to enter child process
header->simple_in_redir is: -2
sh->env is: 0x55c31beee8a0
out of child_process
piping(): dup2 failure
zzTests
epipe is: 0
$ in parse_line
to be done
CHILD: about to enter child process
header->simple_in_redir is: -2
sh->env is: 0x55c31beee8a0
out of child_process
piping(): dup2 failure
zzTests
epipe is: 0
$ in parse_line
to be done
CHILD: about to enter child process
header->simple_in_redir is: -2
sh->env is: 0x55c31beee8a0
out of child_process
piping(): dup2 failure
zzTests
epipe is: 0
$ in parse_line
to be done
CHILD: about to enter child process
header->simple_in_redir is: -2
sh->env is: 0x55c31beee8a0
out of child_process
piping(): dup2 failure
zzTests
epipe is: 0
$ in parse_line
to be done
CHILD: about to enter child process
header->simple_in_redir is: -2
sh->env is: 0x55c31beee8a0
out of child_process
piping(): dup2 failure
zzTests
epipe is: 0
$ in parse_line
to be done
CHILD: about to enter child process
header->simple_in_redir is: -2
sh->env is: 0x55c31beee8a0
out of child_process
piping(): dup2 failure
zzTests
epipe is: 0
$ in parse_line
to be done
CHILD: about to enter child process
header->simple_in_redir is: -2
sh->env is: 0x55c31beee8a0
out of child_process
piping(): dup2 failure
zzTests
epipe is: 0
$ in parse_line
to be done
CHILD: about to enter child process
header->simple_in_redir is: -2
sh->env is: 0x55c31beee8a0
out of child_process
piping(): dup2 failure
zzTests
epipe is: 0
$ in parse_line
to be done
CHILD: about to enter child process
header->simple_in_redir is: -2
sh->env is: 0x55c31beee8a0
out of child_process
piping(): dup2 failure
zzTests
epipe is: 0
$ in parse_line
to be done
CHILD: about to enter child process
header->simple_in_redir is: -2
sh->env is: 0x55c31beee8a0
out of child_process
piping(): dup2 failure
zzTests
epipe is: 0
$ in parse_line
to be done
CHILD: about to enter child process
header->simple_in_redir is: -2
sh->env is: 0x55c31beee8a0
out of child_process
piping(): dup2 failure
zzTests
epipe is: 0
$ in parse_line
to be done
CHILD: about to enter child process
header->simple_in_redir is: -2
sh->env is: 0x55c31beee8a0
out of child_process
piping(): dup2 failure
zzTests
epipe is: 0
$ in parse_line
to be done
CHILD: about to enter child process
header->simple_in_redir is: -2
sh->env is: 0x55c31beee8a0
out of child_process
piping(): dup2 failure
zzTests
epipe is: 0
$ in parse_line
to be done
CHILD: about to enter child process
header->simple_in_redir is: -2
sh->env is: 0x55c31beee8a0
out of child_process
piping(): dup2 failure
zzTests
epipe is: 0
$ in parse_line
to be done
CHILD: about to enter child process
header->simple_in_redir is: -2
sh->env is: 0x55c31beee8a0
out of child_process
piping(): dup2 failure
zzTests
epipe is: 0
$ in parse_line
to be done
CHILD: about to enter child process
header->simple_in_redir is: -2
sh->env is: 0x55c31beee8a0
out of child_process
piping(): dup2 failure
zzTests
epipe is: 0
$ in parse_line
to be done
CHILD: about to enter child process
header->simple_in_redir is: -2
sh->env is: 0x55c31beee8a0
out of child_process
piping(): dup2 failure
zzTests
epipe is: 0
$ in parse_line
to be done
CHILD: about to enter child process
header->simple_in_redir is: -2
sh->env is: 0x55c31beee8a0
out of child_process
piping(): dup2 failure
zzTests
epipe is: 0
$ in parse_line
to be done
CHILD: about to enter child process
header->simple_in_redir is: -2
sh->env is: 0x55c31beee8a0
out of child_process
piping(): dup2 failure
zzTests
epipe is: 0
$ in parse_line
to be done
CHILD: about to enter child process
header->simple_in_redir is: -2
sh->env is: 0x55c31beee8a0
out of child_process
piping(): dup2 failure
zzTests
epipe is: 0
$ in parse_line
to be done
CHILD: about to enter child process
header->simple_in_redir is: -2
sh->env is: 0x55c31beee8a0
out of child_process
piping(): dup2 failure
zzTests
epipe is: 0
$ in parse_line
to be done
CHILD: about to enter child process
header->simple_in_redir is: -2
sh->env is: 0x55c31beee8a0
out of child_process
piping(): dup2 failure
zzTests
epipe is: 0
$ in parse_line
to be done
CHILD: about to enter child process
header->simple_in_redir is: -2
sh->env is: 0x55c31beee8a0
out of child_process
piping(): dup2 failure
zzTests
epipe is: 0
$ in parse_line
to be done
CHILD: about to enter child process
header->simple_in_redir is: -2
sh->env is: 0x55c31beee8a0
out of child_process
piping(): dup2 failure
zzTests
epipe is: 0
$ in parse_line
to be done
CHILD: about to enter child process
header->simple_in_redir is: -2
sh->env is: 0x55c31beee8a0
out of child_process
piping(): dup2 failure
zzTests
epipe is: 0
$ in parse_line
to be done
CHILD: about to enter child process
header->simple_in_redir is: -2
sh->env is: 0x55c31beee8a0
out of child_process
piping(): dup2 failure
zzTests
epipe is: 0
$ in parse_line
to be done
CHILD: about to enter child process
header->simple_in_redir is: -2
sh->env is: 0x55c31beee8a0
out of child_process
piping(): dup2 failure
zzTests
epipe is: 0
$ in parse_line
to be done
CHILD: about to enter child process
header->simple_in_redir is: -2
sh->env is: 0x55c31beee8a0
out of child_process
piping(): dup2 failure
zzTests
epipe is: 0
$ in parse_line
to be done
CHILD: about to enter child process
header->simple_in_redir is: -2
sh->env is: 0x55c31beee8a0
out of child_process
piping(): dup2 failure
zzTests
epipe is: 0
$ in parse_line
to be done
CHILD: about to enter child process
header->simple_in_redir is: -2
sh->env is: 0x55c31beee8a0
out of child_process
piping(): dup2 failure
zzTests
epipe is: 0
$ in parse_line
to be done
CHILD: about to enter child process
header->simple_in_redir is: -2
sh->env is: 0x55c31beee8a0
out of child_process
piping(): dup2 failure
zzTests
epipe is: 0
$ in parse_line
to be done
CHILD: about to enter child process
header->simple_in_redir is: -2
sh->env is: 0x55c31beee8a0
out of child_process
piping(): dup2 failure
zzTests
epipe is: 0
$ in parse_line
to be done
CHILD: about to enter child process
header->simple_in_redir is: -2
sh->env is: 0x55c31beee8a0
out of child_process
piping(): dup2 failure
zzTests
epipe is: 0
$ in parse_line
to be done
CHILD: about to enter child process
header->simple_in_redir is: -2
sh->env is: 0x55c31beee8a0
out of child_process
piping(): dup2 failure
zzTests
epipe is: 0
$ in parse_line
to be done
CHILD: about to enter child process
header->simple_in_redir is: -2
sh->env is: 0x55c31beee8a0
out of child_process
piping(): dup2 failure
zzTests
epipe is: 0
$ in parse_line
to be done
CHILD: about to enter child process
header->simple_in_redir is: -2
sh->env is: 0x55c31beee8a0
out of child_process
piping(): dup2 failure
zzTests
epipe is: 0
$ in parse_line
to be done
CHILD: about to enter child process
header->simple_in_redir is: -2
sh->env is: 0x55c31beee8a0
out of child_process
piping(): dup2 failure
zzTests
epipe is: 0
$ in parse_line
to be done
CHILD: about to enter child process
header->simple_in_redir is: -2
sh->env is: 0x55c31beee8a0
out of child_process
piping(): dup2 failure
zzTests
epipe is: 0
$ in parse_line
to be done
CHILD: about to enter child process
header->simple_in_redir is: -2
sh->env is: 0x55c31beee8a0
out of child_process
piping(): dup2 failure
zzTests
epipe is: 0
$ in parse_line
to be done
CHILD: about to enter child process
header->simple_in_redir is: -2
sh->env is: 0x55c31beee8a0
out of child_process
piping(): dup2 failure
zzTests
epipe is: 0
$ in parse_line
to be done
CHILD: about to enter child process
header->simple_in_redir is: -2
sh->env is: 0x55c31beee8a0
out of child_process
piping(): dup2 failure
zzTests
epipe is: 0
$ in parse_line
to be done
CHILD: about to enter child process
header->simple_in_redir is: -2
sh->env is: 0x55c31beee8a0
out of child_process
piping(): dup2 failure
zzTests
epipe is: 0
$ in parse_line
to be done
CHILD: about to enter child process
header->simple_in_redir is: -2
sh->env is: 0x55c31beee8a0
out of child_process
piping(): dup2 failure
zzTests
epipe is: 0
$ in parse_line
to be done
CHILD: about to enter child process
header->simple_in_redir is: -2
sh->env is: 0x55c31beee8a0
out of child_process
piping(): dup2 failure
zzTests
epipe is: 0
$ in parse_line
to be done
CHILD: about to enter child process
header->simple_in_redir is: -2
sh->env is: 0x55c31beee8a0
out of child_process
piping(): dup2 failure
zzTests
epipe is: 0
$ in parse_line
to be done
CHILD: about to enter child process
header->simple_in_redir is: -2
sh->env is: 0x55c31beee8a0
out of child_process
piping(): dup2 failure
zzTests
epipe is: 0
$ in parse_line
to be done
CHILD: about to enter child process
header->simple_in_redir is: -2
sh->env is: 0x55c31beee8a0
out of child_process
piping(): dup2 failure
zzTests
epipe is: 0
$ in parse_line
to be done
CHILD: about to enter child process
header->simple_in_redir is: -2
sh->env is: 0x55c31beee8a0
out of child_process
piping(): dup2 failure
zzTests
epipe is: 0
$ in parse_line
to be done
CHILD: about to enter child process
header->simple_in_redir is: -2
sh->env is: 0x55c31beee8a0
out of child_process
piping(): dup2 failure
zzTests
epipe is: 0
$ in parse_line
to be done
CHILD: about to enter child process
header->simple_in_redir is: -2
sh->env is: 0x55c31beee8a0
out of child_process
piping(): dup2 failure
zzTests
epipe is: 0
$ in parse_line
to be done
CHILD: about to enter child process
header->simple_in_redir is: -2
sh->env is: 0x55c31beee8a0
out of child_process
piping(): dup2 failure
zzTests
epipe is: 0
$ in parse_line
to be done
CHILD: about to enter child process
header->simple_in_redir is: -2
sh->env is: 0x55c31beee8a0
out of child_process
piping(): dup2 failure
zzTests
epipe is: 0
$ in parse_line
to be done
CHILD: about to enter child process
header->simple_in_redir is: -2
sh->env is: 0x55c31beee8a0
out of child_process
piping(): dup2 failure
zzTests
epipe is: 0
$ in parse_line
to be done
CHILD: about to enter child process
header->simple_in_redir is: -2
sh->env is: 0x55c31beee8a0
out of child_process
piping(): dup2 failure
zzTests
epipe is: 0
$ in parse_line
to be done
CHILD: about to enter child process
header->simple_in_redir is: -2
sh->env is: 0x55c31beee8a0
out of child_process
piping(): dup2 failure
zzTests
epipe is: 0
$ in parse_line
to be done
CHILD: about to enter child process
header->simple_in_redir is: -2
sh->env is: 0x55c31beee8a0
out of child_process
piping(): dup2 failure
zzTests
epipe is: 0
$ in parse_line
to be done
CHILD: about to enter child process
header->simple_in_redir is: -2
sh->env is: 0x55c31beee8a0
out of child_process
piping(): dup2 failure
zzTests
epipe is: 0
$ in parse_line
to be done
CHILD: about to enter child process
header->simple_in_redir is: -2
sh->env is: 0x55c31beee8a0
out of child_process
piping(): dup2 failure
zzTests
epipe is: 0
$ in parse_line
to be done
CHILD: about to enter child process
header->simple_in_redir is: -2
sh->env is: 0x55c31beee8a0
out of child_process
piping(): dup2 failure
zzTests
epipe is: 0
$ in parse_line
to be done
CHILD: about to enter child process
header->simple_in_redir is: -2
sh->env is: 0x55c31beee8a0
out of child_process
piping(): dup2 failure
zzTests
epipe is: 0
$ in parse_line
to be done
CHILD: about to enter child process
header->simple_in_redir is: -2
sh->env is: 0x55c31beee8a0
out of child_process
piping(): dup2 failure
zzTests
epipe is: 0
$ in parse_line
to be done
CHILD: about to enter child process
header->simple_in_redir is: -2
sh->env is: 0x55c31beee8a0
out of child_process
piping(): dup2 failure
zzTests
epipe is: 0
$ in parse_line
to be done
CHILD: about to enter child process
header->simple_in_redir is: -2
sh->env is: 0x55c31beee8a0
out of child_process
piping(): dup2 failure
zzTests
epipe is: 0
$ in parse_line
to be done
CHILD: about to enter child process
header->simple_in_redir is: -2
sh->env is: 0x55c31beee8a0
out of child_process
piping(): dup2 failure
zzTests
epipe is: 0
$ in parse_line
to be done
CHILD: about to enter child process
header->simple_in_redir is: -2
sh->env is: 0x55c31beee8a0
out of child_process
piping(): dup2 failure
zzTests
epipe is: 0
$ in parse_line
to be done
CHILD: about to enter child process
header->simple_in_redir is: -2
sh->env is: 0x55c31beee8a0
out of child_process
piping(): dup2 failure
zzTests
epipe is: 0
$ in parse_line
to be done
CHILD: about to enter child process
header->simple_in_redir is: -2
sh->env is: 0x55c31beee8a0
out of child_process
piping(): dup2 failure
zzTests
epipe is: 0
$ in parse_line
to be done
CHILD: about to enter child process
header->simple_in_redir is: -2
sh->env is: 0x55c31beee8a0
out of child_process
piping(): dup2 failure
zzTests
epipe is: 0
$ in parse_line
to be done
CHILD: about to enter child process
header->simple_in_redir is: -2
sh->env is: 0x55c31beee8a0
out of child_process
piping(): dup2 failure
zzTests
epipe is: 0
$ in parse_line
to be done
CHILD: about to enter child process
header->simple_in_redir is: -2
sh->env is: 0x55c31beee8a0
out of child_process
piping(): dup2 failure
zzTests
epipe is: 0
$ in parse_line
to be done
CHILD: about to enter child process
header->simple_in_redir is: -2
sh->env is: 0x55c31beee8a0
out of child_process
piping(): dup2 failure
zzTests
epipe is: 0
$ in parse_line
to be done
CHILD: about to enter child process
header->simple_in_redir is: -2
sh->env is: 0x55c31beee8a0
out of child_process
piping(): dup2 failure
zzTests
epipe is: 0
$ in parse_line
to be done
CHILD: about to enter child process
header->simple_in_redir is: -2
sh->env is: 0x55c31beee8a0
out of child_process
piping(): dup2 failure
zzTests
epipe is: 0
$ in parse_line
to be done
CHILD: about to enter child process
header->simple_in_redir is: -2
sh->env is: 0x55c31beee8a0
out of child_process
piping(): dup2 failure
zzTests
epipe is: 0
$ in parse_line
to be done
CHILD: about to enter child process
header->simple_in_redir is: -2
sh->env is: 0x55c31beee8a0
out of child_process
piping(): dup2 failure
zzTests
epipe is: 0
$ in parse_line
to be done
CHILD: about to enter child process
header->simple_in_redir is: -2
sh->env is: 0x55c31beee8a0
out of child_process
piping(): dup2 failure
zzTests
epipe is: 0
$ in parse_line
to be done
CHILD: about to enter child process
header->simple_in_redir is: -2
sh->env is: 0x55c31beee8a0
out of child_process
piping(): dup2 failure
zzTests
epipe is: 0
$ in parse_line
to be done
CHILD: about to enter child process
header->simple_in_redir is: -2
sh->env is: 0x55c31beee8a0
out of child_process
piping(): dup2 failure
zzTests
epipe is: 0
$ in parse_line
to be done
CHILD: about to enter child process
header->simple_in_redir is: -2
sh->env is: 0x55c31beee8a0
out of child_process
piping(): dup2 failure
zzTests
epipe is: 0
$ in parse_line
to be done
CHILD: about to enter child process
header->simple_in_redir is: -2
sh->env is: 0x55c31beee8a0
out of child_process
piping(): dup2 failure
zzTests
epipe is: 0
$ in parse_line
to be done
CHILD: about to enter child process
header->simple_in_redir is: -2
sh->env is: 0x55c31beee8a0
out of child_process
piping(): dup2 failure
zzTests
epipe is: 0
$ in parse_line
to be done
CHILD: about to enter child process
header->simple_in_redir is: -2
sh->env is: 0x55c31beee8a0
out of child_process
piping(): dup2 failure
zzTests
epipe is: 0
$ in parse_line
to be done
CHILD: about to enter child process
header->simple_in_redir is: -2
sh->env is: 0x55c31beee8a0
out of child_process
piping(): dup2 failure
zzTests
epipe is: 0
$ in parse_line
to be done
CHILD: about to enter child process
header->simple_in_redir is: -2
sh->env is: 0x55c31beee8a0
out of child_process
piping(): dup2 failure
zzTests
epipe is: 0
$ in parse_line
to be done
CHILD: about to enter child process
header->simple_in_redir is: -2
sh->env is: 0x55c31beee8a0
out of child_process
piping(): dup2 failure
zzTests
epipe is: 0
$ in parse_line
to be done
CHILD: about to enter child process
header->simple_in_redir is: -2
sh->env is: 0x55c31beee8a0
out of child_process
piping(): dup2 failure
zzTests
epipe is: 0
$ in parse_line
to be done
CHILD: about to enter child process
header->simple_in_redir is: -2
sh->env is: 0x55c31beee8a0
out of child_process
piping(): dup2 failure
zzTests
epipe is: 0
$ in parse_line
to be done
CHILD: about to enter child process
header->simple_in_redir is: -2
sh->env is: 0x55c31beee8a0
out of child_process
piping(): dup2 failure
zzTests
epipe is: 0
$ in parse_line
to be done
CHILD: about to enter child process
header->simple_in_redir is: -2
sh->env is: 0x55c31beee8a0
out of child_process
piping(): dup2 failure
zzTests
epipe is: 0
$ in parse_line
to be done
CHILD: about to enter child process
header->simple_in_redir is: -2
sh->env is: 0x55c31beee8a0
out of child_process
piping(): dup2 failure
zzTests
epipe is: 0
$ in parse_line
to be done
CHILD: about to enter child process
header->simple_in_redir is: -2
sh->env is: 0x55c31beee8a0
out of child_process
piping(): dup2 failure
zzTests
epipe is: 0
$ in parse_line
to be done
CHILD: about to enter child process
header->simple_in_redir is: -2
sh->env is: 0x55c31beee8a0
out of child_process
piping(): dup2 failure
zzTests
epipe is: 0
$ in parse_line
to be done
CHILD: about to enter child process
header->simple_in_redir is: -2
sh->env is: 0x55c31beee8a0
out of child_process
piping(): dup2 failure
zzTests
epipe is: 0
$ in parse_line
to be done
CHILD: about to enter child process
header->simple_in_redir is: -2
sh->env is: 0x55c31beee8a0
out of child_process
piping(): dup2 failure
zzTests
epipe is: 0
$ in parse_line
to be done
CHILD: about to enter child process
header->simple_in_redir is: -2
sh->env is: 0x55c31beee8a0
out of child_process
piping(): dup2 failure
zzTests
epipe is: 0
$ in parse_line
to be done
CHILD: about to enter child process
header->simple_in_redir is: -2
sh->env is: 0x55c31beee8a0
out of child_process
piping(): dup2 failure
zzTests
epipe is: 0
$ in parse_line
to be done
CHILD: about to enter child process
header->simple_in_redir is: -2
sh->env is: 0x55c31beee8a0
out of child_process
piping(): dup2 failure
zzTests
epipe is: 0
$ in parse_line
to be done
CHILD: about to enter child process
header->simple_in_redir is: -2
sh->env is: 0x55c31beee8a0
out of child_process
piping(): dup2 failure
zzTests
epipe is: 0
$ in parse_line
to be done
CHILD: about to enter child process
header->simple_in_redir is: -2
sh->env is: 0x55c31beee8a0
out of child_process
piping(): dup2 failure
zzTests
epipe is: 0
$ in parse_line
to be done
CHILD: about to enter child process
header->simple_in_redir is: -2
sh->env is: 0x55c31beee8a0
out of child_process
piping(): dup2 failure
zzTests
epipe is: 0
$ in parse_line
to be done
CHILD: about to enter child process
header->simple_in_redir is: -2
sh->env is: 0x55c31beee8a0
out of child_process
piping(): dup2 failure
zzTests
epipe is: 0
$ in parse_line
to be done
CHILD: about to enter child process
header->simple_in_redir is: -2
sh->env is: 0x55c31beee8a0
out of child_process
piping(): dup2 failure
zzTests
epipe is: 0
$ in parse_line
to be done
CHILD: about to enter child process
header->simple_in_redir is: -2
sh->env is: 0x55c31beee8a0
out of child_process
piping(): dup2 failure
zzTests
epipe is: 0
$ in parse_line
to be done
CHILD: about to enter child process
header->simple_in_redir is: -2
sh->env is: 0x55c31beee8a0
out of child_process
piping(): dup2 failure
zzTests
epipe is: 0
$ in parse_line
to be done
CHILD: about to enter child process
header->simple_in_redir is: -2
sh->env is: 0x55c31beee8a0
out of child_process
piping(): dup2 failure
zzTests
epipe is: 0
$ in parse_line
to be done
CHILD: about to enter child process
header->simple_in_redir is: -2
sh->env is: 0x55c31beee8a0
out of child_process
piping(): dup2 failure
zzTests
epipe is: 0
$ in parse_line
to be done
CHILD: about to enter child process
header->simple_in_redir is: -2
sh->env is: 0x55c31beee8a0
out of child_process
piping(): dup2 failure
zzTests
epipe is: 0
$ in parse_line
to be done
CHILD: about to enter child process
header->simple_in_redir is: -2
sh->env is: 0x55c31beee8a0
out of child_process
piping(): dup2 failure
zzTests
epipe is: 0
$ in parse_line
to be done
CHILD: about to enter child process
header->simple_in_redir is: -2
sh->env is: 0x55c31beee8a0
out of child_process
piping(): dup2 failure
zzTests
epipe is: 0
$ in parse_line
to be done
CHILD: about to enter child process
header->simple_in_redir is: -2
sh->env is: 0x55c31beee8a0
out of child_process
piping(): dup2 failure
zzTests
epipe is: 0
$ in parse_line
to be done
CHILD: about to enter child process
header->simple_in_redir is: -2
sh->env is: 0x55c31beee8a0
out of child_process
piping(): dup2 failure
zzTests
epipe is: 0
$ in parse_line
to be done
CHILD: about to enter child process
header->simple_in_redir is: -2
sh->env is: 0x55c31beee8a0
out of child_process
piping(): dup2 failure
zzTests
epipe is: 0
$ in parse_line
to be done
CHILD: about to enter child process
header->simple_in_redir is: -2
sh->env is: 0x55c31beee8a0
out of child_process
piping(): dup2 failure
zzTests
epipe is: 0
$ in parse_line
to be done
CHILD: about to enter child process
header->simple_in_redir is: -2
sh->env is: 0x55c31beee8a0
out of child_process
piping(): dup2 failure
zzTests
epipe is: 0
$ in parse_line
to be done
CHILD: about to enter child process
header->simple_in_redir is: -2
sh->env is: 0x55c31beee8a0
out of child_process
piping(): dup2 failure
zzTests
epipe is: 0
$ in parse_line
to be done
CHILD: about to enter child process
header->simple_in_redir is: -2
sh->env is: 0x55c31beee8a0
out of child_process
piping(): dup2 failure
zzTests
epipe is: 0
$ in parse_line
to be done
CHILD: about to enter child process
header->simple_in_redir is: -2
sh->env is: 0x55c31beee8a0
out of child_process
piping(): dup2 failure
zzTests
epipe is: 0
$ in parse_line
to be done
CHILD: about to enter child process
header->simple_in_redir is: -2
sh->env is: 0x55c31beee8a0
out of child_process
piping(): dup2 failure
zzTests
epipe is: 0
$ in parse_line
to be done
CHILD: about to enter child process
header->simple_in_redir is: -2
sh->env is: 0x55c31beee8a0
out of child_process
piping(): dup2 failure
zzTests
epipe is: 0
$ in parse_line
to be done
CHILD: about to enter child process
header->simple_in_redir is: -2
sh->env is: 0x55c31beee8a0
out of child_process
piping(): dup2 failure
zzTests
epipe is: 0
$ in parse_line
to be done
CHILD: about to enter child process
header->simple_in_redir is: -2
sh->env is: 0x55c31beee8a0
out of child_process
piping(): dup2 failure
zzTests
epipe is: 0
$ in parse_line
to be done
CHILD: about to enter child process
header->simple_in_redir is: -2
sh->env is: 0x55c31beee8a0
out of child_process
piping(): dup2 failure
zzTests
epipe is: 0
$ in parse_line
to be done
CHILD: about to enter child process
header->simple_in_redir is: -2
sh->env is: 0x55c31beee8a0
out of child_process
piping(): dup2 failure
zzTests
epipe is: 0
$ in parse_line
to be done
CHILD: about to enter child process
header->simple_in_redir is: -2
sh->env is: 0x55c31beee8a0
out of child_process
piping(): dup2 failure
zzTests
epipe is: 0
$ in parse_line
to be done
CHILD: about to enter child process
header->simple_in_redir is: -2
sh->env is: 0x55c31beee8a0
out of child_process
piping(): dup2 failure
zzTests
epipe is: 0
$ in parse_line
to be done
CHILD: about to enter child process
header->simple_in_redir is: -2
sh->env is: 0x55c31beee8a0
out of child_process
piping(): dup2 failure
zzTests
epipe is: 0
$ in parse_line
to be done
CHILD: about to enter child process
header->simple_in_redir is: -2
sh->env is: 0x55c31beee8a0
out of child_process
piping(): dup2 failure
zzTests
epipe is: 0
$ in parse_line
to be done
CHILD: about to enter child process
header->simple_in_redir is: -2
sh->env is: 0x55c31beee8a0
out of child_process
piping(): dup2 failure
zzTests
epipe is: 0
$ in parse_line
to be done
CHILD: about to enter child process
header->simple_in_redir is: -2
sh->env is: 0x55c31beee8a0
out of child_process
piping(): dup2 failure
zzTests
epipe is: 0
$ in parse_line
to be done
CHILD: about to enter child process
header->simple_in_redir is: -2
sh->env is: 0x55c31beee8a0
out of child_process
piping(): dup2 failure
zzTests
epipe is: 0
$ in parse_line
to be done
CHILD: about to enter child process
header->simple_in_redir is: -2
sh->env is: 0x55c31beee8a0
out of child_process
piping(): dup2 failure
zzTests
epipe is: 0
$ in parse_line
to be done
CHILD: about to enter child process
header->simple_in_redir is: -2
sh->env is: 0x55c31beee8a0
out of child_process
piping(): dup2 failure
zzTests
epipe is: 0
$ in parse_line
to be done
CHILD: about to enter child process
header->simple_in_redir is: -2
sh->env is: 0x55c31beee8a0
out of child_process
piping(): dup2 failure
zzTests
epipe is: 0
$ in parse_line
to be done
CHILD: about to enter child process
header->simple_in_redir is: -2
sh->env is: 0x55c31beee8a0
out of child_process
piping(): dup2 failure
zzTests
epipe is: 0
$ in parse_line
to be done
CHILD: about to enter child process
header->simple_in_redir is: -2
sh->env is: 0x55c31beee8a0
out of child_process
piping(): dup2 failure
zzTests
epipe is: 0
$ in parse_line
to be done
CHILD: about to enter child process
header->simple_in_redir is: -2
sh->env is: 0x55c31beee8a0
out of child_process
piping(): dup2 failure
zzTests
epipe is: 0
$ in parse_line
to be done
CHILD: about to enter child process
header->simple_in_redir is: -2
sh->env is: 0x55c31beee8a0
out of child_process
piping(): dup2 failure
zzTests
epipe is: 0
$ in parse_line
to be done
CHILD: about to enter child process
header->simple_in_redir is: -2
sh->env is: 0x55c31beee8a0
out of child_process
piping(): dup2 failure
zzTests
epipe is: 0
$ in parse_line
to be done
CHILD: about to enter child process
header->simple_in_redir is: -2
sh->env is: 0x55c31beee8a0
out of child_process
piping(): dup2 failure
zzTests
epipe is: 0
$ in parse_line
to be done
CHILD: about to enter child process
header->simple_in_redir is: -2
sh->env is: 0x55c31beee8a0
out of child_process
piping(): dup2 failure
zzTests
epipe is: 0
$ in parse_line
to be done
CHILD: about to enter child process
header->simple_in_redir is: -2
sh->env is: 0x55c31beee8a0
out of child_process
piping(): dup2 failure
zzTests
epipe is: 0
$ in parse_line
to be done
CHILD: about to enter child process
header->simple_in_redir is: -2
sh->env is: 0x55c31beee8a0
out of child_process
piping(): dup2 failure
zzTests
epipe is: 0
$ in parse_line
to be done
CHILD: about to enter child process
header->simple_in_redir is: -2
sh->env is: 0x55c31beee8a0
out of child_process
piping(): dup2 failure
zzTests
epipe is: 0
$ in parse_line
to be done
CHILD: about to enter child process
header->simple_in_redir is: -2
sh->env is: 0x55c31beee8a0
out of child_process
piping(): dup2 failure
zzTests
epipe is: 0
$ in parse_line
to be done
CHILD: about to enter child process
header->simple_in_redir is: -2
sh->env is: 0x55c31beee8a0
out of child_process
piping(): dup2 failure
zzTests
epipe is: 0
$ in parse_line
to be done
CHILD: about to enter child process
header->simple_in_redir is: -2
sh->env is: 0x55c31beee8a0
out of child_process
piping(): dup2 failure
zzTests
epipe is: 0
$ in parse_line
to be done
CHILD: about to enter child process
header->simple_in_redir is: -2
sh->env is: 0x55c31beee8a0
out of child_process
piping(): dup2 failure
zzTests
epipe is: 0
$ in parse_line
to be done
CHILD: about to enter child process
header->simple_in_redir is: -2
sh->env is: 0x55c31beee8a0
out of child_process
piping(): dup2 failure
zzTests
epipe is: 0
$ in parse_line
to be done
CHILD: about to enter child process
header->simple_in_redir is: -2
sh->env is: 0x55c31beee8a0
out of child_process
piping(): dup2 failure
zzTests
epipe is: 0
$ in parse_line
to be done
CHILD: about to enter child process
header->simple_in_redir is: -2
sh->env is: 0x55c31beee8a0
out of child_process
piping(): dup2 failure
zzTests
epipe is: 0
$ in parse_line
to be done
CHILD: about to enter child process
header->simple_in_redir is: -2
sh->env is: 0x55c31beee8a0
out of child_process
piping(): dup2 failure
zzTests
epipe is: 0
$ in parse_line
to be done
CHILD: about to enter child process
header->simple_in_redir is: -2
sh->env is: 0x55c31beee8a0
out of child_process
piping(): dup2 failure
zzTests
epipe is: 0
$ in parse_line
to be done
CHILD: about to enter child process
header->simple_in_redir is: -2
sh->env is: 0x55c31beee8a0
out of child_process
piping(): dup2 failure
zzTests
epipe is: 0
$ in parse_line
to be done
CHILD: about to enter child process
header->simple_in_redir is: -2
sh->env is: 0x55c31beee8a0
out of child_process
piping(): dup2 failure
zzTests
epipe is: 0
$ in parse_line
to be done
CHILD: about to enter child process
header->simple_in_redir is: -2
sh->env is: 0x55c31beee8a0
out of child_process
piping(): dup2 failure
zzTests
epipe is: 0
$ in parse_line
to be done
CHILD: about to enter child process
header->simple_in_redir is: -2
sh->env is: 0x55c31beee8a0
out of child_process
piping(): dup2 failure
zzTests
epipe is: 0
$ in parse_line
to be done
CHILD: about to enter child process
header->simple_in_redir is: -2
sh->env is: 0x55c31beee8a0
out of child_process
piping(): dup2 failure
zzTests
epipe is: 0
$ in parse_line
to be done
CHILD: about to enter child process
header->simple_in_redir is: -2
sh->env is: 0x55c31beee8a0
out of child_process
piping(): dup2 failure
zzTests
epipe is: 0
$ in parse_line
to be done
CHILD: about to enter child process
header->simple_in_redir is: -2
sh->env is: 0x55c31beee8a0
out of child_process
piping(): dup2 failure
zzTests
epipe is: 0
$ in parse_line
to be done
CHILD: about to enter child process
header->simple_in_redir is: -2
sh->env is: 0x55c31beee8a0
out of child_process
piping(): dup2 failure
zzTests
epipe is: 0
$ in parse_line
to be done
CHILD: about to enter child process
header->simple_in_redir is: -2
sh->env is: 0x55c31beee8a0
out of child_process
piping(): dup2 failure
zzTests
epipe is: 0
$ in parse_line
to be done
CHILD: about to enter child process
header->simple_in_redir is: -2
sh->env is: 0x55c31beee8a0
out of child_process
piping(): dup2 failure
zzTests
epipe is: 0
$ in parse_line
to be done
CHILD: about to enter child process
header->simple_in_redir is: -2
sh->env is: 0x55c31beee8a0
out of child_process
piping(): dup2 failure
zzTests
epipe is: 0
$ in parse_line
to be done
CHILD: about to enter child process
header->simple_in_redir is: -2
sh->env is: 0x55c31beee8a0
out of child_process
piping(): dup2 failure
zzTests
epipe is: 0
$ in parse_line
to be done
CHILD: about to enter child process
header->simple_in_redir is: -2
sh->env is: 0x55c31beee8a0
out of child_process
piping(): dup2 failure
zzTests
epipe is: 0
$ in parse_line
to be done
CHILD: about to enter child process
header->simple_in_redir is: -2
sh->env is: 0x55c31beee8a0
out of child_process
piping(): dup2 failure
zzTests
epipe is: 0
$ in parse_line
to be done
CHILD: about to enter child process
header->simple_in_redir is: -2
sh->env is: 0x55c31beee8a0
out of child_process
piping(): dup2 failure
zzTests
epipe is: 0
$ in parse_line
to be done
CHILD: about to enter child process
header->simple_in_redir is: -2
sh->env is: 0x55c31beee8a0
out of child_process
piping(): dup2 failure
zzTests
epipe is: 0
$ in parse_line
to be done
CHILD: about to enter child process
header->simple_in_redir is: -2
sh->env is: 0x55c31beee8a0
out of child_process
piping(): dup2 failure
zzTests
epipe is: 0
$ in parse_line
to be done
CHILD: about to enter child process
header->simple_in_redir is: -2
sh->env is: 0x55c31beee8a0
out of child_process
piping(): dup2 failure
zzTests
epipe is: 0
$ in parse_line
to be done
CHILD: about to enter child process
header->simple_in_redir is: -2
sh->env is: 0x55c31beee8a0
out of child_process
piping(): dup2 failure
zzTests
epipe is: 0
$ in parse_line
to be done
CHILD: about to enter child process
header->simple_in_redir is: -2
sh->env is: 0x55c31beee8a0
out of child_process
piping(): dup2 failure
zzTests
epipe is: 0
$ in parse_line
to be done
CHILD: about to enter child process
header->simple_in_redir is: -2
sh->env is: 0x55c31beee8a0
out of child_process
piping(): dup2 failure
zzTests
epipe is: 0
$ in parse_line
to be done
CHILD: about to enter child process
header->simple_in_redir is: -2
sh->env is: 0x55c31beee8a0
out of child_process
piping(): dup2 failure
zzTests
epipe is: 0
$ in parse_line
to be done
CHILD: about to enter child process
header->simple_in_redir is: -2
sh->env is: 0x55c31beee8a0
out of child_process
piping(): dup2 failure
zzTests
epipe is: 0
$ in parse_line
to be done
CHILD: about to enter child process
header->simple_in_redir is: -2
sh->env is: 0x55c31beee8a0
out of child_process
piping(): dup2 failure
zzTests
epipe is: 0
$ in parse_line
to be done
CHILD: about to enter child process
header->simple_in_redir is: -2
sh->env is: 0x55c31beee8a0
out of child_process
piping(): dup2 failure
zzTests
epipe is: 0
$ in parse_line
to be done
CHILD: about to enter child process
header->simple_in_redir is: -2
sh->env is: 0x55c31beee8a0
out of child_process
piping(): dup2 failure
zzTests
epipe is: 0
$ in parse_line
to be done
CHILD: about to enter child process
header->simple_in_redir is: -2
sh->env is: 0x55c31beee8a0
out of child_process
piping(): dup2 failure
zzTests
epipe is: 0
$ in parse_line
to be done
CHILD: about to enter child process
header->simple_in_redir is: -2
sh->env is: 0x55c31beee8a0
out of child_process
piping(): dup2 failure
zzTests
epipe is: 0
$ in parse_line
to be done
CHILD: about to enter child process
header->simple_in_redir is: -2
sh->env is: 0x55c31beee8a0
out of child_process
piping(): dup2 failure
zzTests
epipe is: 0
$ in parse_line
to be done
CHILD: about to enter child process
header->simple_in_redir is: -2
sh->env is: 0x55c31beee8a0
out of child_process
piping(): dup2 failure
zzTests
epipe is: 0
$ in parse_line
to be done
CHILD: about to enter child process
header->simple_in_redir is: -2
sh->env is: 0x55c31beee8a0
out of child_process
piping(): dup2 failure
zzTests
epipe is: 0
$ in parse_line
to be done
CHILD: about to enter child process
header->simple_in_redir is: -2
sh->env is: 0x55c31beee8a0
out of child_process
piping(): dup2 failure
zzTests
epipe is: 0
$ in parse_line
to be done
CHILD: about to enter child process
header->simple_in_redir is: -2
sh->env is: 0x55c31beee8a0
out of child_process
piping(): dup2 failure
zzTests
epipe is: 0
$ in parse_line
to be done
CHILD: about to enter child process
header->simple_in_redir is: -2
sh->env is: 0x55c31beee8a0
out of child_process
piping(): dup2 failure
zzTests
epipe is: 0
$ in parse_line
to be done
CHILD: about to enter child process
header->simple_in_redir is: -2
sh->env is: 0x55c31beee8a0
out of child_process
piping(): dup2 failure
zzTests
epipe is: 0
$ in parse_line
to be done
CHILD: about to enter child process
header->simple_in_redir is: -2
sh->env is: 0x55c31beee8a0
out of child_process
piping(): dup2 failure
zzTests
epipe is: 0
$ in parse_line
to be done
CHILD: about to enter child process
header->simple_in_redir is: -2
sh->env is: 0x55c31beee8a0
out of child_process
piping(): dup2 failure
zzTests
epipe is: 0
$ in parse_line
to be done
CHILD: about to enter child process
header->simple_in_redir is: -2
sh->env is: 0x55c31beee8a0
out of child_process
piping(): dup2 failure
zzTests
epipe is: 0
$ in parse_line
to be done
CHILD: about to enter child process
header->simple_in_redir is: -2
sh->env is: 0x55c31beee8a0
out of child_process
piping(): dup2 failure
zzTests
epipe is: 0
$ in parse_line
to be done
CHILD: about to enter child process
header->simple_in_redir is: -2
sh->env is: 0x55c31beee8a0
out of child_process
piping(): dup2 failure
zzTests
epipe is: 0
$ in parse_line
to be done
CHILD: about to enter child process
header->simple_in_redir is: -2
sh->env is: 0x55c31beee8a0
out of child_process
piping(): dup2 failure
zzTests
epipe is: 0
$ in parse_line
to be done
CHILD: about to enter child process
header->simple_in_redir is: -2
sh->env is: 0x55c31beee8a0
out of child_process
piping(): dup2 failure
zzTests
epipe is: 0
$ in parse_line
to be done
CHILD: about to enter child process
header->simple_in_redir is: -2
sh->env is: 0x55c31beee8a0
out of child_process
piping(): dup2 failure
zzTests
epipe is: 0
$ in parse_line
to be done
CHILD: about to enter child process
header->simple_in_redir is: -2
sh->env is: 0x55c31beee8a0
out of child_process
piping(): dup2 failure
zzTests
epipe is: 0
$ in parse_line
to be done
CHILD: about to enter child process
header->simple_in_redir is: -2
sh->env is: 0x55c31beee8a0
out of child_process
piping(): dup2 failure
zzTests
epipe is: 0
$ in parse_line
to be done
CHILD: about to enter child process
header->simple_in_redir is: -2
sh->env is: 0x55c31beee8a0
out of child_process
piping(): dup2 failure
zzTests
epipe is: 0
$ in parse_line
to be done
CHILD: about to enter child process
header->simple_in_redir is: -2
sh->env is: 0x55c31beee8a0
out of child_process
piping(): dup2 failure
zzTests
epipe is: 0
$ in parse_line
to be done
CHILD: about to enter child process
header->simple_in_redir is: -2
sh->env is: 0x55c31beee8a0
out of child_process
piping(): dup2 failure
zzTests
epipe is: 0
$ in parse_line
to be done
CHILD: about to enter child process
header->simple_in_redir is: -2
sh->env is: 0x55c31beee8a0
out of child_process
piping(): dup2 failure
zzTests
epipe is: 0
$ in parse_line
to be done
CHILD: about to enter child process
header->simple_in_redir is: -2
sh->env is: 0x55c31beee8a0
out of child_process
piping(): dup2 failure
zzTests
epipe is: 0
$ in parse_line
to be done
CHILD: about to enter child process
header->simple_in_redir is: -2
sh->env is: 0x55c31beee8a0
out of child_process
piping(): dup2 failure
zzTests
epipe is: 0
$ in parse_line
to be done
CHILD: about to enter child process
header->simple_in_redir is: -2
sh->env is: 0x55c31beee8a0
out of child_process
piping(): dup2 failure
zzTests
epipe is: 0
$ in parse_line
to be done
CHILD: about to enter child process
header->simple_in_redir is: -2
sh->env is: 0x55c31beee8a0
out of child_process
piping(): dup2 failure
zzTests
epipe is: 0
$ in parse_line
to be done
CHILD: about to enter child process
header->simple_in_redir is: -2
sh->env is: 0x55c31beee8a0
out of child_process
piping(): dup2 failure
zzTests
epipe is: 0
$ in parse_line
to be done
CHILD: about to enter child process
header->simple_in_redir is: -2
sh->env is: 0x55c31beee8a0
out of child_process
piping(): dup2 failure
zzTests
epipe is: 0
$ in parse_line
to be done
CHILD: about to enter child process
header->simple_in_redir is: -2
sh->env is: 0x55c31beee8a0
out of child_process
piping(): dup2 failure
zzTests
epipe is: 0
$ in parse_line
to be done
CHILD: about to enter child process
header->simple_in_redir is: -2
sh->env is: 0x55c31beee8a0
out of child_process
piping(): dup2 failure
zzTests
epipe is: 0
$ in parse_line
to be done
CHILD: about to enter child process
header->simple_in_redir is: -2
sh->env is: 0x55c31beee8a0
out of child_process
piping(): dup2 failure
zzTests
epipe is: 0
$ in parse_line
to be done
CHILD: about to enter child process
header->simple_in_redir is: -2
sh->env is: 0x55c31beee8a0
out of child_process
piping(): dup2 failure
zzTests
epipe is: 0
$ in parse_line
to be done
CHILD: about to enter child process
header->simple_in_redir is: -2
sh->env is: 0x55c31beee8a0
out of child_process
piping(): dup2 failure
zzTests
epipe is: 0
$ in parse_line
to be done
CHILD: about to enter child process
header->simple_in_redir is: -2
sh->env is: 0x55c31beee8a0
out of child_process
piping(): dup2 failure
zzTests
epipe is: 0
$ in parse_line
to be done
CHILD: about to enter child process
header->simple_in_redir is: -2
sh->env is: 0x55c31beee8a0
out of child_process
piping(): dup2 failure
zzTests
epipe is: 0
$ in parse_line
to be done
CHILD: about to enter child process
header->simple_in_redir is: -2
sh->env is: 0x55c31beee8a0
out of child_process
piping(): dup2 failure
zzTests
epipe is: 0
$ in parse_line
to be done
CHILD: about to enter child process
header->simple_in_redir is: -2
sh->env is: 0x55c31beee8a0
out of child_process
piping(): dup2 failure
zzTests
epipe is: 0
$ in parse_line
to be done
CHILD: about to enter child process
header->simple_in_redir is: -2
sh->env is: 0x55c31beee8a0
out of child_process
piping(): dup2 failure
zzTests
epipe is: 0
$ in parse_line
to be done
CHILD: about to enter child process
header->simple_in_redir is: -2
sh->env is: 0x55c31beee8a0
out of child_process
piping(): dup2 failure
zzTests
epipe is: 0
$ in parse_line
to be done
CHILD: about to enter child process
header->simple_in_redir is: -2
sh->env is: 0x55c31beee8a0
out of child_process
piping(): dup2 failure
zzTests
epipe is: 0
$ in parse_line
to be done
CHILD: about to enter child process
header->simple_in_redir is: -2
sh->env is: 0x55c31beee8a0
out of child_process
piping(): dup2 failure
zzTests
epipe is: 0
$ in parse_line
to be done
CHILD: about to enter child process
header->simple_in_redir is: -2
sh->env is: 0x55c31beee8a0
out of child_process
piping(): dup2 failure
zzTests
epipe is: 0
$ in parse_line
to be done
CHILD: about to enter child process
header->simple_in_redir is: -2
sh->env is: 0x55c31beee8a0
out of child_process
piping(): dup2 failure
zzTests
epipe is: 0
$ in parse_line
to be done
CHILD: about to enter child process
header->simple_in_redir is: -2
sh->env is: 0x55c31beee8a0
out of child_process
piping(): dup2 failure
zzTests
epipe is: 0
$ in parse_line
to be done
CHILD: about to enter child process
header->simple_in_redir is: -2
sh->env is: 0x55c31beee8a0
out of child_process
piping(): dup2 failure
zzTests
epipe is: 0
$ in parse_line
to be done
CHILD: about to enter child process
header->simple_in_redir is: -2
sh->env is: 0x55c31beee8a0
out of child_process
piping(): dup2 failure
zzTests
epipe is: 0
$ in parse_line
to be done
CHILD: about to enter child process
header->simple_in_redir is: -2
sh->env is: 0x55c31beee8a0
out of child_process
piping(): dup2 failure
zzTests
epipe is: 0
$ in parse_line
to be done
CHILD: about to enter child process
header->simple_in_redir is: -2
sh->env is: 0x55c31beee8a0
out of child_process
piping(): dup2 failure
zzTests
epipe is: 0
$ in parse_line
to be done
CHILD: about to enter child process
header->simple_in_redir is: -2
sh->env is: 0x55c31beee8a0
out of child_process
piping(): dup2 failure
zzTests
epipe is: 0
$ in parse_line
to be done
CHILD: about to enter child process
header->simple_in_redir is: -2
sh->env is: 0x55c31beee8a0
out of child_process
piping(): dup2 failure
zzTests
epipe is: 0
$ in parse_line
to be done
CHILD: about to enter child process
header->simple_in_redir is: -2
sh->env is: 0x55c31beee8a0
out of child_process
piping(): dup2 failure
zzTests
epipe is: 0
$ in parse_line
to be done
CHILD: about to enter child process
header->simple_in_redir is: -2
sh->env is: 0x55c31beee8a0
out of child_process
piping(): dup2 failure
zzTests
epipe is: 0
$ in parse_line
to be done
CHILD: about to enter child process
header->simple_in_redir is: -2
sh->env is: 0x55c31beee8a0
out of child_process
piping(): dup2 failure
zzTests
epipe is: 0
$ in parse_line
to be done
CHILD: about to enter child process
header->simple_in_redir is: -2
sh->env is: 0x55c31beee8a0
out of child_process
piping(): dup2 failure
zzTests
epipe is: 0
$ in parse_line
to be done
CHILD: about to enter child process
header->simple_in_redir is: -2
sh->env is: 0x55c31beee8a0
out of child_process
piping(): dup2 failure
zzTests
epipe is: 0
$ in parse_line
to be done
CHILD: about to enter child process
header->simple_in_redir is: -2
sh->env is: 0x55c31beee8a0
out of child_process
piping(): dup2 failure
zzTests
epipe is: 0
$ in parse_line
to be done
CHILD: about to enter child process
header->simple_in_redir is: -2
sh->env is: 0x55c31beee8a0
out of child_process
piping(): dup2 failure
zzTests
epipe is: 0
$ in parse_line
to be done
CHILD: about to enter child process
header->simple_in_redir is: -2
sh->env is: 0x55c31beee8a0
out of child_process
piping(): dup2 failure
zzTests
epipe is: 0
$ in parse_line
to be done
CHILD: about to enter child process
header->simple_in_redir is: -2
sh->env is: 0x55c31beee8a0
out of child_process
piping(): dup2 failure
zzTests
epipe is: 0
$ in parse_line
to be done
CHILD: about to enter child process
header->simple_in_redir is: -2
sh->env is: 0x55c31beee8a0
out of child_process
piping(): dup2 failure
zzTests
epipe is: 0
$ in parse_line
to be done
CHILD: about to enter child process
header->simple_in_redir is: -2
sh->env is: 0x55c31beee8a0
out of child_process
piping(): dup2 failure
zzTests
epipe is: 0
$ in parse_line
to be done
CHILD: about to enter child process
header->simple_in_redir is: -2
sh->env is: 0x55c31beee8a0
out of child_process
piping(): dup2 failure
zzTests
epipe is: 0
$ in parse_line
to be done
CHILD: about to enter child process
header->simple_in_redir is: -2
sh->env is: 0x55c31beee8a0
out of child_process
piping(): dup2 failure
zzTests
epipe is: 0
$ in parse_line
to be done
CHILD: about to enter child process
header->simple_in_redir is: -2
sh->env is: 0x55c31beee8a0
out of child_process
piping(): dup2 failure
zzTests
epipe is: 0
$ in parse_line
to be done
CHILD: about to enter child process
header->simple_in_redir is: -2
sh->env is: 0x55c31beee8a0
out of child_process
piping(): dup2 failure
zzTests
epipe is: 0
$ in parse_line
to be done
CHILD: about to enter child process
header->simple_in_redir is: -2
sh->env is: 0x55c31beee8a0
out of child_process
piping(): dup2 failure
zzTests
epipe is: 0
$ in parse_line
to be done
CHILD: about to enter child process
header->simple_in_redir is: -2
sh->env is: 0x55c31beee8a0
out of child_process
piping(): dup2 failure
zzTests
epipe is: 0
$ in parse_line
to be done
CHILD: about to enter child process
header->simple_in_redir is: -2
sh->env is: 0x55c31beee8a0
out of child_process
piping(): dup2 failure
zzTests
epipe is: 0
$ in parse_line
to be done
CHILD: about to enter child process
header->simple_in_redir is: -2
sh->env is: 0x55c31beee8a0
out of child_process
piping(): dup2 failure
zzTests
epipe is: 0
$ in parse_line
to be done
CHILD: about to enter child process
header->simple_in_redir is: -2
sh->env is: 0x55c31beee8a0
out of child_process
piping(): dup2 failure
zzTests
epipe is: 0
$ in parse_line
to be done
CHILD: about to enter child process
header->simple_in_redir is: -2
sh->env is: 0x55c31beee8a0
out of child_process
piping(): dup2 failure
zzTests
epipe is: 0
$ in parse_line
to be done
CHILD: about to enter child process
header->simple_in_redir is: -2
sh->env is: 0x55c31beee8a0
out of child_process
piping(): dup2 failure
zzTests
epipe is: 0
$ in parse_line
to be done
CHILD: about to enter child process
header->simple_in_redir is: -2
sh->env is: 0x55c31beee8a0
out of child_process
piping(): dup2 failure
zzTests
epipe is: 0
$ in parse_line
to be done
CHILD: about to enter child process
header->simple_in_redir is: -2
sh->env is: 0x55c31beee8a0
out of child_process
piping(): dup2 failure
zzTests
epipe is: 0
$ in parse_line
to be done
CHILD: about to enter child process
header->simple_in_redir is: -2
sh->env is: 0x55c31beee8a0
out of child_process
piping(): dup2 failure
zzTests
epipe is: 0
$ in parse_line
to be done
CHILD: about to enter child process
header->simple_in_redir is: -2
sh->env is: 0x55c31beee8a0
out of child_process
piping(): dup2 failure
zzTests
epipe is: 0
$ in parse_line
to be done
CHILD: about to enter child process
header->simple_in_redir is: -2
sh->env is: 0x55c31beee8a0
out of child_process
piping(): dup2 failure
zzTests
epipe is: 0
$ in parse_line
to be done
CHILD: about to enter child process
header->simple_in_redir is: -2
sh->env is: 0x55c31beee8a0
out of child_process
piping(): dup2 failure
zzTests
epipe is: 0
$ in parse_line
to be done
CHILD: about to enter child process
header->simple_in_redir is: -2
sh->env is: 0x55c31beee8a0
out of child_process
piping(): dup2 failure
zzTests
epipe is: 0
$ in parse_line
to be done

epipe is: 0
$ in parse_line
to be done
out of child_process
CHILD: about to enter child process
header->simple_in_redir is: -2
sh->env is: 0x56114a7328a0
out of child_process
piping(): dup2 failure
zzTests
epipe is: 0
$ in parse_line
to be done
out of child_process
CHILD: about to enter child process
header->simple_in_redir is: -2
sh->env is: 0x56114a7328a0
out of child_process
piping(): dup2 failure
zzTests
epipe is: 0
$ in parse_line
to be done
out of child_process
CHILD: about to enter child process
header->simple_in_redir is: -2
sh->env is: 0x56114a7328a0
out of child_process
piping(): dup2 failure
zzTests
epipe is: 0
$ in parse_line
to be done
out of child_process
CHILD: about to enter child process
header->simple_in_redir is: -2
sh->env is: 0x56114a7328a0
out of child_process
piping(): dup2 failure
zzTests
epipe is: 0
$ in parse_line
to be done
out of child_process
CHILD: about to enter child process
header->simple_in_redir is: -2
sh->env is: 0x56114a7328a0
out of child_process
piping(): dup2 failure
zzTests
epipe is: 0
$ in parse_line
to be done
out of child_process
CHILD: about to enter child process
header->simple_in_redir is: -2
sh->env is: 0x56114a7328a0
out of child_process
piping(): dup2 failure
zzTests
epipe is: 0
$ in parse_line
to be done
out of child_process
CHILD: about to enter child process
header->simple_in_redir is: -2
sh->env is: 0x56114a7328a0
out of child_process
piping(): dup2 failure
zzTests
epipe is: 0
$ in parse_line
to be done
out of child_process
CHILD: about to enter child process
header->simple_in_redir is: -2
sh->env is: 0x56114a7328a0
out of child_process
piping(): dup2 failure
zzTests
epipe is: 0
$ in parse_line
to be done
out of child_process
CHILD: about to enter child process
header->simple_in_redir is: -2
sh->env is: 0x56114a7328a0
out of child_process
piping(): dup2 failure
zzTests
epipe is: 0
$ in parse_line
to be done
out of child_process
CHILD: about to enter child process
header->simple_in_redir is: -2
sh->env is: 0x56114a7328a0
out of child_process
piping(): dup2 failure
zzTests
epipe is: 0
$ in parse_line
to be done
out of child_process
CHILD: about to enter child process
header->simple_in_redir is: -2
sh->env is: 0x56114a7328a0
out of child_process
piping(): dup2 failure
zzTests
epipe is: 0
$ in parse_line
to be done
out of child_process
CHILD: about to enter child process
header->simple_in_redir is: -2
sh->env is: 0x56114a7328a0
out of child_process
piping(): dup2 failure
zzTests
epipe is: 0
$ in parse_line
to be done
out of child_process
CHILD: about to enter child process
header->simple_in_redir is: -2
sh->env is: 0x56114a7328a0
out of child_process
piping(): dup2 failure
zzTests
epipe is: 0
$ in parse_line
to be done
out of child_process
CHILD: about to enter child process
header->simple_in_redir is: -2
sh->env is: 0x56114a7328a0
out of child_process
piping(): dup2 failure
zzTests
epipe is: 0
$ in parse_line
to be done
out of child_process
CHILD: about to enter child process
header->simple_in_redir is: -2
sh->env is: 0x56114a7328a0
out of child_process
piping(): dup2 failure
zzTests
epipe is: 0
$ in parse_line
to be done
out of child_process
CHILD: about to enter child process
header->simple_in_redir is: -2
sh->env is: 0x56114a7328a0
out of child_process
piping(): dup2 failure
zzTests
epipe is: 0
$ in parse_line
to be done
out of child_process
CHILD: about to enter child process
header->simple_in_redir is: -2
sh->env is: 0x56114a7328a0
out of child_process
piping(): dup2 failure
zzTests
epipe is: 0
$ in parse_line
to be done
CHILD: about to enter child process
header->simple_in_redir is: -2
sh->env is: 0x56114a7328a0
out of child_process
out of child_process
piping(): dup2 failure
zzTests
epipe is: 0
$ in parse_line
to be done
out of child_process
CHILD: about to enter child process
header->simple_in_redir is: -2
sh->env is: 0x56114a7328a0
out of child_process
piping(): dup2 failure
zzTests
epipe is: 0
$ in parse_line
to be done
out of child_process
CHILD: about to enter child process
header->simple_in_redir is: -2
sh->env is: 0x56114a7328a0
out of child_process
piping(): dup2 failure
zzTests
epipe is: 0
$ in parse_line
to be done
out of child_process
CHILD: about to enter child process
header->simple_in_redir is: -2
sh->env is: 0x56114a7328a0
out of child_process
piping(): dup2 failure
zzTests
epipe is: 0
$ in parse_line
to be done
out of child_process
CHILD: about to enter child process
header->simple_in_redir is: -2
sh->env is: 0x56114a7328a0
out of child_process
piping(): dup2 failure
zzTests
epipe is: 0
$ in parse_line
to be done
out of child_process
CHILD: about to enter child process
header->simple_in_redir is: -2
sh->env is: 0x56114a7328a0
out of child_process
piping(): dup2 failure
zzTests
epipe is: 0
$ in parse_line
to be done
out of child_process
CHILD: about to enter child process
header->simple_in_redir is: -2
sh->env is: 0x56114a7328a0
out of child_process
piping(): dup2 failure
zzTests
epipe is: 0
$ in parse_line
to be done
out of child_process
CHILD: about to enter child process
header->simple_in_redir is: -2
sh->env is: 0x56114a7328a0
out of child_process
piping(): dup2 failure
zzTests
epipe is: 0
$ in parse_line
to be done
out of child_process
CHILD: about to enter child process
header->simple_in_redir is: -2
sh->env is: 0x56114a7328a0
out of child_process
piping(): dup2 failure
zzTests
epipe is: 0
$ in parse_line
to be done
out of child_process
CHILD: about to enter child process
header->simple_in_redir is: -2
sh->env is: 0x56114a7328a0
out of child_process
piping(): dup2 failure
zzTests
epipe is: 0
$ in parse_line
to be done
out of child_process
CHILD: about to enter child process
header->simple_in_redir is: -2
sh->env is: 0x56114a7328a0
out of child_process
piping(): dup2 failure
zzTests
epipe is: 0
$ in parse_line
to be done
out of child_process
CHILD: about to enter child process
header->simple_in_redir is: -2
sh->env is: 0x56114a7328a0
out of child_process
piping(): dup2 failure
zzTests
epipe is: 0
$ in parse_line
to be done
out of child_process
CHILD: about to enter child process
header->simple_in_redir is: -2
sh->env is: 0x56114a7328a0
out of child_process
piping(): dup2 failure
zzTests
epipe is: 0
$ in parse_line
to be done
out of child_process
CHILD: about to enter child process
header->simple_in_redir is: -2
sh->env is: 0x56114a7328a0
out of child_process
piping(): dup2 failure
zzTests
epipe is: 0
$ in parse_line
to be done
out of child_process
CHILD: about to enter child process
header->simple_in_redir is: -2
sh->env is: 0x56114a7328a0
out of child_process
piping(): dup2 failure
zzTests
epipe is: 0
$ in parse_line
to be done
out of child_process
CHILD: about to enter child process
header->simple_in_redir is: -2
sh->env is: 0x56114a7328a0
out of child_process
piping(): dup2 failure
zzTests
epipe is: 0
$ in parse_line
to be done
out of child_process
CHILD: about to enter child process
header->simple_in_redir is: -2
sh->env is: 0x56114a7328a0
out of child_process
piping(): dup2 failure
zzTests
epipe is: 0
$ in parse_line
to be done
out of child_process
CHILD: about to enter child process
header->simple_in_redir is: -2
sh->env is: 0x56114a7328a0
out of child_process
piping(): dup2 failure
zzTests
epipe is: 0
$ in parse_line
to be done
out of child_process
CHILD: about to enter child process
header->simple_in_redir is: -2
sh->env is: 0x56114a7328a0
out of child_process
piping(): dup2 failure
zzTests
epipe is: 0
$ in parse_line
to be done
out of child_process
CHILD: about to enter child process
header->simple_in_redir is: -2
sh->env is: 0x56114a7328a0
out of child_process
piping(): dup2 failure
zzTests
epipe is: 0
$ in parse_line
to be done
out of child_process
CHILD: about to enter child process
header->simple_in_redir is: -2
sh->env is: 0x56114a7328a0
out of child_process
piping(): dup2 failure
zzTests
epipe is: 0
$ in parse_line
to be done
out of child_process
CHILD: about to enter child process
header->simple_in_redir is: -2
sh->env is: 0x56114a7328a0
out of child_process
piping(): dup2 failure
zzTests
epipe is: 0
$ in parse_line
to be done
out of child_process
CHILD: about to enter child process
header->simple_in_redir is: -2
sh->env is: 0x56114a7328a0
out of child_process
piping(): dup2 failure
zzTests
epipe is: 0
$ in parse_line
to be done
out of child_process
CHILD: about to enter child process
header->simple_in_redir is: -2
sh->env is: 0x56114a7328a0
out of child_process
piping(): dup2 failure
zzTests
epipe is: 0
$ in parse_line
to be done
out of child_process
CHILD: about to enter child process
header->simple_in_redir is: -2
sh->env is: 0x56114a7328a0
out of child_process
piping(): dup2 failure
zzTests
epipe is: 0
$ in parse_line
to be done
out of child_process
CHILD: about to enter child process
header->simple_in_redir is: -2
sh->env is: 0x56114a7328a0
out of child_process
piping(): dup2 failure
zzTests
epipe is: 0
$ in parse_line
to be done
out of child_process
CHILD: about to enter child process
header->simple_in_redir is: -2
sh->env is: 0x56114a7328a0
out of child_process
piping(): dup2 failure
zzTests
epipe is: 0
$ in parse_line
to be done
out of child_process
CHILD: about to enter child process
header->simple_in_redir is: -2
sh->env is: 0x56114a7328a0
out of child_process
piping(): dup2 failure
zzTests
epipe is: 0
$ in parse_line
to be done
out of child_process
CHILD: about to enter child process
header->simple_in_redir is: -2
sh->env is: 0x56114a7328a0
out of child_process
piping(): dup2 failure
zzTests
epipe is: 0
$ in parse_line
to be done
out of child_process
CHILD: about to enter child process
header->simple_in_redir is: -2
sh->env is: 0x56114a7328a0
out of child_process
piping(): dup2 failure
zzTests
epipe is: 0
$ in parse_line
to be done
out of child_process
CHILD: about to enter child process
header->simple_in_redir is: -2
sh->env is: 0x56114a7328a0
out of child_process
piping(): dup2 failure
zzTests
epipe is: 0
$ in parse_line
to be done
out of child_process
CHILD: about to enter child process
header->simple_in_redir is: -2
sh->env is: 0x56114a7328a0
out of child_process
piping(): dup2 failure
zzTests
epipe is: 0
c098a0
out of child_process
piping(): dup2 failure
zzTests
epipe is: 0
$ in parse_line
to be done
about to enter child process
out of child_process
about to enter child process
header->simple_in_redir is: -2
sh->env is: 0x555a99c098a0
out of child_process
piping(): dup2 failure
zzTests
epipe is: 0
$ in parse_line
to be done
about to enter child process
out of child_process
about to enter child process
header->simple_in_redir is: -2
sh->env is: 0x555a99c098a0
out of child_process
piping(): dup2 failure
zzTests
epipe is: 0
$ in parse_line
to be done
about to enter child process
out of child_process
about to enter child process
header->simple_in_redir is: -2
sh->env is: 0x555a99c098a0
out of child_process
piping(): dup2 failure
zzTests
epipe is: 0
$ in parse_line
to be done
about to enter child process
out of child_process
about to enter child process
header->simple_in_redir is: -2
sh->env is: 0x555a99c098a0
out of child_process
piping(): dup2 failure
zzTests
epipe is: 0
$ in parse_line
to be done
about to enter child process
out of child_process
about to enter child process
header->simple_in_redir is: -2
sh->env is: 0x555a99c098a0
out of child_process
piping(): dup2 failure
zzTests
epipe is: 0
$ in parse_line
to be done
about to enter child process
out of child_process
about to enter child process
header->simple_in_redir is: -2
sh->env is: 0x555a99c098a0
out of child_process
piping(): dup2 failure
zzTests
epipe is: 0
$ in parse_line
to be done
about to enter child process
about to enter child process
out of child_process
header->simple_in_redir is: -2
sh->env is: 0x555a99c098a0
out of child_process
piping(): dup2 failure
zzTests
epipe is: 0
$ in parse_line
to be done
about to enter child process
out of child_process
about to enter child process
header->simple_in_redir is: -2
sh->env is: 0x555a99c098a0
out of child_process
piping(): dup2 failure
zzTests
epipe is: 0
$ in parse_line
to be done
about to enter child process
out of child_process
about to enter child process
header->simple_in_redir is: -2
sh->env is: 0x555a99c098a0
out of child_process
piping(): dup2 failure
zzTests
epipe is: 0
$ in parse_line
to be done
about to enter child process
out of child_process
about to enter child process
header->simple_in_redir is: -2
sh->env is: 0x555a99c098a0
out of child_process
piping(): dup2 failure
zzTests
epipe is: 0
$ in parse_line
to be done
about to enter child process
out of child_process
about to enter child process
header->simple_in_redir is: -2
sh->env is: 0x555a99c098a0
out of child_process
piping(): dup2 failure
zzTests
epipe is: 0
$ in parse_line
to be done
about to enter child process
out of child_process
about to enter child process
header->simple_in_redir is: -2
sh->env is: 0x555a99c098a0
out of child_process
piping(): dup2 failure
zzTests
epipe is: 0
$ in parse_line
to be done
about to enter child process
out of child_process
about to enter child process
header->simple_in_redir is: -2
sh->env is: 0x555a99c098a0
out of child_process
piping(): dup2 failure
zzTests
epipe is: 0
$ in parse_line
to be done
about to enter child process
out of child_process
about to enter child process
header->simple_in_redir is: -2
sh->env is: 0x555a99c098a0
out of child_process
piping(): dup2 failure
zzTests
epipe is: 0
$ in parse_line
to be done
about to enter child process
out of child_process
about to enter child process
header->simple_in_redir is: -2
sh->env is: 0x555a99c098a0
out of child_process
piping(): dup2 failure
zzTests
epipe is: 0
$ in parse_line
to be done
about to enter child process
out of child_process
about to enter child process
header->simple_in_redir is: -2
sh->env is: 0x555a99c098a0
out of child_process
piping(): dup2 failure
zzTests
epipe is: 0
$ in parse_line
to be done
about to enter child process
out of child_process
about to enter child process
header->simple_in_redir is: -2
sh->env is: 0x555a99c098a0
out of child_process
piping(): dup2 failure
zzTests
epipe is: 0
$ in parse_line
to be done
about to enter child process
out of child_process
about to enter child process
header->simple_in_redir is: -2
sh->env is: 0x555a99c098a0
out of child_process
piping(): dup2 failure
zzTests
epipe is: 0
$ in parse_line
to be done
about to enter child process
out of child_process
about to enter child process
header->simple_in_redir is: -2
sh->env is: 0x555a99c098a0
out of child_process
piping(): dup2 failure
zzTests
epipe is: 0
$ in parse_line
to be done
about to enter child process
out of child_process
about to enter child process
header->simple_in_redir is: -2
sh->env is: 0x555a99c098a0
out of child_process
piping(): dup2 failure
zzTests
epipe is: 0
$ in parse_line
to be done
about to enter child process
out of child_process
about to enter child process
header->simple_in_redir is: -2
sh->env is: 0x555a99c098a0
out of child_process
piping(): dup2 failure
zzTests
epipe is: 0
$ in parse_line
to be done
about to enter child process
out of child_process
about to enter child process
header->simple_in_redir is: -2
sh->env is: 0x555a99c098a0
out of child_process
piping(): dup2 failure
zzTests
epipe is: 0
$ in parse_line
to be done
about to enter child process
out of child_process
about to enter child process
header->simple_in_redir is: -2
sh->env is: 0x555a99c098a0
out of child_process
piping(): dup2 failure
zzTests
epipe is: 0
$ in parse_line
to be done
about to enter child process
out of child_process
about to enter child process
header->simple_in_redir is: -2
sh->env is: 0x555a99c098a0
out of child_process
piping(): dup2 failure
zzTests
epipe is: 0
$ in parse_line
to be done
about to enter child process
out of child_process
about to enter child process
header->simple_in_redir is: -2
sh->env is: 0x555a99c098a0
out of child_process
piping(): dup2 failure
zzTests
epipe is: 0
$ in parse_line
to be done
about to enter child process
out of child_process
about to enter child process
header->simple_in_redir is: -2
sh->env is: 0x555a99c098a0
out of child_process
piping(): dup2 failure
zzTests
epipe is: 0
$ in parse_line
to be done
about to enter child process
out of child_process
about to enter child process
header->simple_in_redir is: -2
sh->env is: 0x555a99c098a0
out of child_process
piping(): dup2 failure
zzTests
epipe is: 0
$ in parse_line
to be done
about to enter child process
about to enter child process
out of child_process
header->simple_in_redir is: -2
sh->env is: 0x555a99c098a0
out of child_process
piping(): dup2 failure
zzTests
epipe is: 0
$ in parse_line
to be done
about to enter child process
out of child_process
about to enter child process
header->simple_in_redir is: -2
sh->env is: 0x555a99c098a0
out of child_process
piping(): dup2 failure
zzTests
epipe is: 0
$ in parse_line
to be done
about to enter child process
out of child_process
about to enter child process
header->simple_in_redir is: -2
sh->env is: 0x555a99c098a0
out of child_process
piping(): dup2 failure
zzTests
epipe is: 0
$ in parse_line
to be done
about to enter child process
out of child_process
about to enter child process
header->simple_in_redir is: -2
sh->env is: 0x555a99c098a0
out of child_process
piping(): dup2 failure
zzTests
epipe is: 0
$ in parse_line
to be done
about to enter child process
out of child_process
about to enter child process
header->simple_in_redir is: -2
sh->env is: 0x555a99c098a0
out of child_process
piping(): dup2 failure
zzTests
epipe is: 0
$ in parse_line
to be done
about to enter child process
out of child_process
about to enter child process
header->simple_in_redir is: -2
sh->env is: 0x555a99c098a0
out of child_process
piping(): dup2 failure
zzTests
epipe is: 0
$ in parse_line
to be done
about to enter child process
out of child_process
about to enter child process
header->simple_in_redir is: -2
sh->env is: 0x555a99c098a0
out of child_process
piping(): dup2 failure
zzTests
epipe is: 0
$ in parse_line
to be done
about to enter child process
out of child_process
about to enter child process
header->simple_in_redir is: -2
sh->env is: 0x555a99c098a0
out of child_process
piping(): dup2 failure
zzTests
epipe is: 0
$ in parse_line
to be done
about to enter child process
about to enter child process
out of child_process
header->simple_in_redir is: -2
sh->env is: 0x555a99c098a0
out of child_process
piping(): dup2 failure
zzTests
epipe is: 0
$ in parse_line
to be done
about to enter child process
out of child_process
about to enter child process
header->simple_in_redir is: -2
sh->env is: 0x555a99c098a0
out of child_process
piping(): dup2 failure
zzTests
epipe is: 0
$ in parse_line
to be done
about to enter child process
out of child_process
about to enter child process
header->simple_in_redir is: -2
sh->env is: 0x555a99c098a0
out of child_process
piping(): dup2 failure
zzTests
epipe is: 0
$ in parse_line
to be done
about to enter child process
out of child_process
about to enter child process
header->simple_in_redir is: -2
sh->env is: 0x555a99c098a0
out of child_process
piping(): dup2 failure
zzTests
epipe is: 0
$ in parse_line
to be done
about to enter child process
out of child_process
about to enter child process
header->simple_in_redir is: -2
sh->env is: 0x555a99c098a0
out of child_process
piping(): dup2 failure
zzTests
epipe is: 0
$ in parse_line
to be done
about to enter child process
out of child_process
about to enter child process
header->simple_in_redir is: -2
sh->env is: 0x555a99c098a0
out of child_process
piping(): dup2 failure
zzTests
epipe is: 0
$ in parse_line
to be done
about to enter child process
out of child_process
about to enter child process
header->simple_in_redir is: -2
sh->env is: 0x555a99c098a0
out of child_process
piping(): dup2 failure
zzTests
epipe is: 0
$ in parse_line
to be done
about to enter child process
out of child_process
about to enter child process
header->simple_in_redir is: -2
sh->env is: 0x555a99c098a0
out of child_process
piping(): dup2 failure
zzTests
epipe is: 0
$ in parse_line
to be done
about to enter child process
out of child_process
about to enter child process
header->simple_in_redir is: -2
sh->env is: 0x555a99c098a0
out of child_process
piping(): dup2 failure
zzTests
epipe is: 0
$ in parse_line
to be done
about to enter child process
out of child_process
about to enter child process
header->simple_in_redir is: -2
sh->env is: 0x555a99c098a0
out of child_process
piping(): dup2 failure
zzTests
epipe is: 0
$ in parse_line
to be done
about to enter child process
about to enter child process
out of child_process
header->simple_in_redir is: -2
sh->env is: 0x555a99c098a0
out of child_process
piping(): dup2 failure
zzTests
epipe is: 0
$ in parse_line
to be done
about to enter child process
out of child_process
about to enter child process
header->simple_in_redir is: -2
sh->env is: 0x555a99c098a0
out of child_process
piping(): dup2 failure
zzTests
epipe is: 0
$ in parse_line
to be done
about to enter child process
out of child_process
about to enter child process
header->simple_in_redir is: -2
sh->env is: 0x555a99c098a0
out of child_process
piping(): dup2 failure
zzTests
epipe is: 0
$ in parse_line
to be done
about to enter child process
out of child_process
about to enter child process
header->simple_in_redir is: -2
sh->env is: 0x555a99c098a0
out of child_process
piping(): dup2 failure
zzTests
epipe is: 0
$ in parse_line
to be done
about to enter child process
out of child_process
about to enter child process
header->simple_in_redir is: -2
sh->env is: 0x555a99c098a0
out of child_process
piping(): dup2 failure
zzTests
epipe is: 0
$ in parse_line
to be done
about to enter child process
out of child_process
about to enter child process
header->simple_in_redir is: -2
sh->env is: 0x555a99c098a0
out of child_process
piping(): dup2 failure
zzTests
epipe is: 0
$ in parse_line
to be done
about to enter child process
out of child_process
about to enter child process
header->simple_in_redir is: -2
sh->env is: 0x555a99c098a0
out of child_process
piping(): dup2 failure
zzTests
epipe is: 0
$ in parse_line
to be done
about to enter child process
out of child_process
about to enter child process
header->simple_in_redir is: -2
sh->env is: 0x555a99c098a0
out of child_process
piping(): dup2 failure
zzTests
epipe is: 0
$ in parse_line
to be done
about to enter child process
out of child_process
about to enter child process
header->simple_in_redir is: -2
sh->env is: 0x555a99c098a0
out of child_process
piping(): dup2 failure
zzTests
epipe is: 0
$ in parse_line
to be done
about to enter child process
out of child_process
about to enter child process
header->simple_in_redir is: -2
sh->env is: 0x555a99c098a0
out of child_process
piping(): dup2 failure
zzTests
epipe is: 0
$ in parse_line
to be done
about to enter child process
out of child_process
about to enter child process
header->simple_in_redir is: -2
sh->env is: 0x555a99c098a0
out of child_process
piping(): dup2 failure
zzTests
epipe is: 0
$ in parse_line
to be done
about to enter child process
about to enter child process
out of child_process
header->simple_in_redir is: -2
sh->env is: 0x555a99c098a0
out of child_process
piping(): dup2 failure
zzTests
epipe is: 0
$ in parse_line
to be done
about to enter child process
out of child_process
about to enter child process
header->simple_in_redir is: -2
sh->env is: 0x555a99c098a0
out of child_process
piping(): dup2 failure
zzTests
epipe is: 0
$ in parse_line
to be done
about to enter child process
out of child_process
about to enter child process
header->simple_in_redir is: -2
sh->env is: 0x555a99c098a0
out of child_process
piping(): dup2 failure
zzTests
epipe is: 0
$ in parse_line
to be done
about to enter child process
out of child_process
about to enter child process
header->simple_in_redir is: -2
sh->env is: 0x555a99c098a0
out of child_process
piping(): dup2 failure
zzTests
epipe is: 0
$ in parse_line
to be done
about to enter child process
out of child_process
about to enter child process
header->simple_in_redir is: -2
sh->env is: 0x555a99c098a0
out of child_process
piping(): dup2 failure
zzTests
epipe is: 0
$ in parse_line
to be done
about to enter child process
out of child_process
about to enter child process
header->simple_in_redir is: -2
sh->env is: 0x555a99c098a0
out of child_process
piping(): dup2 failure
zzTests
epipe is: 0
$ in parse_line
to be done
about to enter child process
out of child_process
about to enter child process
header->simple_in_redir is: -2
sh->env is: 0x555a99c098a0
out of child_process
piping(): dup2 failure
zzTests
epipe is: 0
$ in parse_line
to be done
about to enter child process
out of child_process
about to enter child process
header->simple_in_redir is: -2
sh->env is: 0x555a99c098a0
out of child_process
piping(): dup2 failure
zzTests
epipe is: 0
$ in parse_line
to be done
about to enter child process
out of child_process
about to enter child process
header->simple_in_redir is: -2
sh->env is: 0x555a99c098a0
out of child_process
piping(): dup2 failure
zzTests
epipe is: 0
$ in parse_line
to be done
about to enter child process
out of child_process
about to enter child process
header->simple_in_redir is: -2
sh->env is: 0x555a99c098a0
out of child_process
piping(): dup2 failure
zzTests
epipe is: 0
$ in parse_line
to be done
about to enter child process
out of child_process
about to enter child process
header->simple_in_redir is: -2
sh->env is: 0x555a99c098a0
out of child_process
piping(): dup2 failure
zzTests
epipe is: 0
$ in parse_line
to be done
about to enter child process
out of child_process
about to enter child process
header->simple_in_redir is: -2
sh->env is: 0x555a99c098a0
out of child_process
piping(): dup2 failure
zzTests
epipe is: 0
$ in parse_line
to be done
about to enter child process
out of child_process
about to enter child process
header->simple_in_redir is: -2
sh->env is: 0x555a99c098a0
out of child_process
piping(): dup2 failure
zzTests
epipe is: 0
$ in parse_line
to be done
about to enter child process
out of child_process
about to enter child process
header->simple_in_redir is: -2
sh->env is: 0x555a99c098a0
out of child_process
piping(): dup2 failure
zzTests
epipe is: 0
$ in parse_line
to be done
about to enter child process
out of child_process
about to enter child process
header->simple_in_redir is: -2
sh->env is: 0x555a99c098a0
out of child_process
piping(): dup2 failure
zzTests
epipe is: 0
$ in parse_line
to be done
about to enter child process
out of child_process
about to enter child process
header->simple_in_redir is: -2
sh->env is: 0x555a99c098a0
out of child_process
piping(): dup2 failure
zzTests
epipe is: 0
$ in parse_line
to be done
about to enter child process
out of child_process
about to enter child process
header->simple_in_redir is: -2
sh->env is: 0x555a99c098a0
out of child_process
piping(): dup2 failure
zzTests
epipe is: 0
$ in parse_line
to be done
about to enter child process
out of child_process
about to enter child process
header->simple_in_redir is: -2
sh->env is: 0x555a99c098a0
out of child_process
piping(): dup2 failure
zzTests
epipe is: 0
$ in parse_line
to be done
about to enter child process
out of child_process
about to enter child process
header->simple_in_redir is: -2
sh->env is: 0x555a99c098a0
out of child_process
piping(): dup2 failure
zzTests
epipe is: 0
$ in parse_line
to be done
about to enter child process
out of child_process
about to enter child process
header->simple_in_redir is: -2
sh->env is: 0x555a99c098a0
out of child_process
piping(): dup2 failure
zzTests
epipe is: 0
$ in parse_line
to be done
about to enter child process
out of child_process
about to enter child process
header->simple_in_redir is: -2
sh->env is: 0x555a99c098a0
out of child_process
piping(): dup2 failure
zzTests
epipe is: 0
$ in parse_line
to be done
about to enter child process
out of child_process
about to enter child process
header->simple_in_redir is: -2
sh->env is: 0x555a99c098a0
out of child_process
piping(): dup2 failure
zzTests
epipe is: 0
$ in parse_line
to be done
about to enter child process
about to enter child process
header->simple_in_redir is: -2
sh->env is: 0x555a99c098a0
out of child_process
out of child_process
piping(): dup2 failure
zzTests
epipe is: 0
$ in parse_line
to be done
about to enter child process
about to enter child process
out of child_process
header->simple_in_redir is: -2
sh->env is: 0x555a99c098a0
out of child_process
piping(): dup2 failure
zzTests
epipe is: 0
$ in parse_line
to be done
